Flow report for DES_ALGORITHM
Fri Feb 13 10:01:19 2026
Quartus Prime Version 24.1std.0 Build 1077 03/04/2025 SC Standard Edition


---------------------
; Table of Contents ;
---------------------
  1. Legal Notice
  2. Flow Summary
  3. Flow Settings
  4. Flow Non-Default Global Settings
  5. Flow Elapsed Time
  6. Flow OS Summary
  7. Flow Log
  8. Flow Messages
  9. Flow Suppressed Messages



----------------
; Legal Notice ;
----------------
Copyright (C) 2025  Altera Corporation. All rights reserved.
Your use of Altera Corporation's design tools, logic functions 
and other software and tools, and any partner logic 
functions, and any output files from any of the foregoing 
(including device programming or simulation files), and any 
associated documentation or information are expressly subject 
to the terms and conditions of the Altera Program License 
Subscription Agreement, the Altera Quartus Prime License Agreement,
the Altera IP License Agreement, or other applicable license
agreement, including, without limitation, that your use is for
the sole purpose of programming logic devices manufactured by
Altera and sold by Altera or its authorized distributors.  Please
refer to the Altera Software License Subscription Agreements 
on the Quartus Prime software download page.



+---------------------------------------------------------------------------------------+
; Flow Summary                                                                          ;
+---------------------------------+-----------------------------------------------------+
; Flow Status                     ; Successful - Fri Feb 13 10:01:19 2026               ;
; Quartus Prime Version           ; 24.1std.0 Build 1077 03/04/2025 SC Standard Edition ;
; Revision Name                   ; DES_ALGORITHM                                       ;
; Top-level Entity Name           ; DES_ALGORITHM                                       ;
; Family                          ; Cyclone V                                           ;
; Device                          ; 5CEBA7F27C7                                         ;
; Timing Models                   ; Final                                               ;
; Logic utilization (in ALMs)     ; 156 / 56,480 ( < 1 % )                              ;
; Total registers                 ; 128                                                 ;
; Total pins                      ; 196 / 336 ( 58 % )                                  ;
; Total virtual pins              ; 0                                                   ;
; Total block memory bits         ; 0 / 7,024,640 ( 0 % )                               ;
; Total DSP Blocks                ; 0 / 156 ( 0 % )                                     ;
; Total HSSI RX PCSs              ; 0                                                   ;
; Total HSSI PMA RX Deserializers ; 0                                                   ;
; Total HSSI TX PCSs              ; 0                                                   ;
; Total HSSI PMA TX Serializers   ; 0                                                   ;
; Total PLLs                      ; 0 / 7 ( 0 % )                                       ;
; Total DLLs                      ; 0 / 4 ( 0 % )                                       ;
+---------------------------------+-----------------------------------------------------+


+-----------------------------------------+
; Flow Settings                           ;
+-------------------+---------------------+
; Option            ; Setting             ;
+-------------------+---------------------+
; Start date & time ; 02/13/2026 09:59:32 ;
; Main task         ; Compilation         ;
; Revision Name     ; DES_ALGORITHM       ;
+-------------------+---------------------+


+------------------------------------------------------------------------------------------------------------------------------+
; Flow Non-Default Global Settings                                                                                             ;
+--------------------------------------+----------------------------------------+---------------+-------------+----------------+
; Assignment Name                      ; Value                                  ; Default Value ; Entity Name ; Section Id     ;
+--------------------------------------+----------------------------------------+---------------+-------------+----------------+
; COMPILER_SIGNATURE_ID                ; 270736889804096.177095157217520        ; --            ; --          ; --             ;
; EDA_DESIGN_INSTANCE_NAME             ; NA                                     ; --            ; --          ; DES_TESTBENCH  ;
; EDA_NATIVELINK_SIMULATION_TEST_BENCH ; DES_TESTBENCH                          ; --            ; --          ; eda_simulation ;
; EDA_OUTPUT_DATA_FORMAT               ; Verilog Hdl                            ; --            ; --          ; eda_simulation ;
; EDA_SIMULATION_TOOL                  ; Questa Intel FPGA (Verilog)            ; <None>        ; --          ; --             ;
; EDA_TEST_BENCH_ENABLE_STATUS         ; TEST_BENCH_MODE                        ; --            ; --          ; eda_simulation ;
; EDA_TEST_BENCH_FILE                  ; DES_TESTBENCH.v                        ; --            ; --          ; DES_TESTBENCH  ;
; EDA_TEST_BENCH_MODULE_NAME           ; DES_TESTBENCH                          ; --            ; --          ; DES_TESTBENCH  ;
; EDA_TEST_BENCH_NAME                  ; DES_TESTBENCH                          ; --            ; --          ; eda_simulation ;
; EDA_TIME_SCALE                       ; 1 ps                                   ; --            ; --          ; eda_simulation ;
; MAX_CORE_JUNCTION_TEMP               ; 85                                     ; --            ; --          ; --             ;
; MIN_CORE_JUNCTION_TEMP               ; 0                                      ; --            ; --          ; --             ;
; PARTITION_COLOR                      ; -- (Not supported for targeted family) ; --            ; --          ; Top            ;
; PARTITION_FITTER_PRESERVATION_LEVEL  ; -- (Not supported for targeted family) ; --            ; --          ; Top            ;
; PARTITION_NETLIST_TYPE               ; -- (Not supported for targeted family) ; --            ; --          ; Top            ;
; POWER_BOARD_THERMAL_MODEL            ; None (CONSERVATIVE)                    ; --            ; --          ; --             ;
; POWER_PRESET_COOLING_SOLUTION        ; 23 MM HEAT SINK WITH 200 LFPM AIRFLOW  ; --            ; --          ; --             ;
; PROJECT_OUTPUT_DIRECTORY             ; output_files                           ; --            ; --          ; --             ;
+--------------------------------------+----------------------------------------+---------------+-------------+----------------+


+--------------------------------------------------------------------------------------------------------------------------+
; Flow Elapsed Time                                                                                                        ;
+----------------------+--------------+-------------------------+---------------------+------------------------------------+
; Module Name          ; Elapsed Time ; Average Processors Used ; Peak Virtual Memory ; Total CPU Time (on all processors) ;
+----------------------+--------------+-------------------------+---------------------+------------------------------------+
; Analysis & Synthesis ; 00:00:10     ; 1.0                     ; 4881 MB             ; 00:00:13                           ;
; Fitter               ; 00:01:14     ; 1.0                     ; 6999 MB             ; 00:03:20                           ;
; Assembler            ; 00:00:09     ; 1.0                     ; 5377 MB             ; 00:00:05                           ;
; Timing Analyzer      ; 00:00:05     ; 1.2                     ; 5410 MB             ; 00:00:05                           ;
; EDA Netlist Writer   ; 00:00:00     ; 1.0                     ; 4769 MB             ; 00:00:01                           ;
; Total                ; 00:01:38     ; --                      ; --                  ; 00:03:44                           ;
+----------------------+--------------+-------------------------+---------------------+------------------------------------+


+------------------------------------------------------------------------------------+
; Flow OS Summary                                                                    ;
+----------------------+------------------+------------+------------+----------------+
; Module Name          ; Machine Hostname ; OS Name    ; OS Version ; Processor type ;
+----------------------+------------------+------------+------------+----------------+
; Analysis & Synthesis ; Cuong-Desktop    ; Windows 10 ; 10.0       ; x86_64         ;
; Fitter               ; Cuong-Desktop    ; Windows 10 ; 10.0       ; x86_64         ;
; Assembler            ; Cuong-Desktop    ; Windows 10 ; 10.0       ; x86_64         ;
; Timing Analyzer      ; Cuong-Desktop    ; Windows 10 ; 10.0       ; x86_64         ;
; EDA Netlist Writer   ; Cuong-Desktop    ; Windows 10 ; 10.0       ; x86_64         ;
+----------------------+------------------+------------+------------+----------------+


------------
; Flow Log ;
------------
quartus_map --read_settings_files=on --write_settings_files=off DES_ALGORITHM -c DES_ALGORITHM
quartus_fit --read_settings_files=off --write_settings_files=off DES_ALGORITHM -c DES_ALGORITHM
quartus_asm --read_settings_files=off --write_settings_files=off DES_ALGORITHM -c DES_ALGORITHM
quartus_sta DES_ALGORITHM -c DES_ALGORITHM
quartus_eda --read_settings_files=off --write_settings_files=off DES_ALGORITHM -c DES_ALGORITHM



